[2026-05-15T00:54:22.188330+00:00] main.ERROR: InvalidArgumentException: Unsupported sendmail command flags "/usr/local/bin/mhsendmail --smtp-addr=mailhog:1025"; must be one of "-bs" or "-t" but can include additional flags. in /app/vendor/symfony/mailer/Transport/SendmailTransport.php:58
Stack trace:
#0 /app/vendor/symfony/mailer/Transport/NativeTransportFactory.php(33): Symfony\Component\Mailer\Transport\SendmailTransport->__construct('/usr/local/bin/...', NULL, NULL)
#1 /app/vendor/magento/module-email/Model/Transport.php(226): Symfony\Component\Mailer\Transport\NativeTransportFactory->create(Object(Symfony\Component\Mailer\Transport\Dsn))
#2 /app/vendor/magento/module-email/Model/Transport.php(159): Magento\Email\Model\Transport->createSendmailTransport()
#3 /app/generated/code/Magento/Email/Model/Transport/Interceptor.php(23): Magento\Email\Model\Transport->getTransport()
#4 /app/vendor/magento/module-email/Model/Transport.php(237): Magento\Email\Model\Transport\Interceptor->getTransport()
#5 /app/vendor/magento/framework/Interception/Interceptor.php(58): Magento\Email\Model\Transport->sendMessage()
#6 /app/vendor/magento/framework/Interception/Interceptor.php(138): Magento\Email\Model\Transport\Interceptor->___callParent('sendMessage', Array)
#7 /app/vendor/magento/module-email/Model/Mail/TransportInterfacePlugin.php(48): Magento\Email\Model\Transport\Interceptor->{closure:Magento\Framework\Interception\Interceptor::___callPlugins():104}()
#8 /app/vendor/magento/framework/Interception/Interceptor.php(135): Magento\Email\Model\Mail\TransportInterfacePlugin->aroundSendMessage(Object(Magento\Email\Model\Transport\Interceptor), Object(Closure))
#9 /app/vendor/magento/framework/Interception/Interceptor.php(153): Magento\Email\Model\Transport\Interceptor->{closure:Magento\Framework\Interception\Interceptor::___callPlugins():104}()
#10 /app/generated/code/Magento/Email/Model/Transport/Interceptor.php(32): Magento\Email\Model\Transport\Interceptor->___callPlugins('sendMessage', Array, NULL)
#11 /app/vendor/magento/module-two-factor-auth/Model/EmailUserNotifier.php(106): Magento\Email\Model\Transport\Interceptor->sendMessage()
#12 /app/vendor/magento/module-two-factor-auth/Model/EmailUserNotifier.php(131): Magento\TwoFactorAuth\Model\EmailUserNotifier->sendConfigRequired(Object(Magento\AdminAdobeIms\Model\User\Interceptor), 'eyJ1c2VyX2lkIjo...', 'tfa_admin_app_c...', 'https://magento...')
#13 /app/vendor/magento/module-two-factor-auth/Model/UserConfig/UserConfigRequestManager.php(82): Magento\TwoFactorAuth\Model\EmailUserNotifier->sendAppConfigRequestMessage(Object(Magento\AdminAdobeIms\Model\User\Interceptor), 'eyJ1c2VyX2lkIjo...')
#14 /app/vendor/magento/module-two-factor-auth/Controller/Adminhtml/Tfa/Requestconfig.php(95): Magento\TwoFactorAuth\Model\UserConfig\UserConfigRequestManager->sendConfigRequestTo(Object(Magento\AdminAdobeIms\Model\User\Interceptor))
#15 /app/vendor/magento/framework/Interception/Interceptor.php(58): Magento\TwoFactorAuth\Controller\Adminhtml\Tfa\Requestconfig->execute()
#16 /app/vendor/magento/framework/Interception/Interceptor.php(138): Magento\TwoFactorAuth\Controller\Adminhtml\Tfa\Requestconfig\Interceptor->___callParent('execute', Array)
#17 /app/vendor/magento/framework/Interception/Interceptor.php(153): Magento\TwoFactorAuth\Controller\Adminhtml\Tfa\Requestconfig\Interceptor->{closure:Magento\Framework\Interception\Interceptor::___callPlugins():104}()
#18 /app/generated/code/Magento/TwoFactorAuth/Controller/Adminhtml/Tfa/Requestconfig/Interceptor.php(23): Magento\TwoFactorAuth\Controller\Adminhtml\Tfa\Requestconfig\Interceptor->___callPlugins('execute', Array, Array)
#19 /app/vendor/magento/framework/App/Action/Action.php(111): Magento\TwoFactorAuth\Controller\Adminhtml\Tfa\Requestconfig\Interceptor->execute()
#20 /app/vendor/magento/module-backend/App/AbstractAction.php(151): Magento\Framework\App\Action\Action->dispatch(Object(Magento\Framework\App\Request\Http))
#21 /app/vendor/magento/module-two-factor-auth/Controller/Adminhtml/AbstractAction.php(31): Magento\Backend\App\AbstractAction->dispatch(Object(Magento\Framework\App\Request\Http))
#22 /app/vendor/magento/framework/Interception/Interceptor.php(58): Magento\TwoFactorAuth\Controller\Adminhtml\AbstractAction->dispatch(Object(Magento\Framework\App\Request\Http))
#23 /app/vendor/magento/framework/Interception/Interceptor.php(138): Magento\TwoFactorAuth\Controller\Adminhtml\Tfa\Requestconfig\Interceptor->___callParent('dispatch', Array)
#24 /app/vendor/magento/module-backend/App/Action/Plugin/Authentication.php(145): Magento\TwoFactorAuth\Controller\Adminhtml\Tfa\Requestconfig\Interceptor->{closure:Magento\Framework\Interception\Interceptor::___callPlugins():104}(Object(Magento\Framework\App\Request\Http))
#25 /app/vendor/magento/framework/Interception/Interceptor.php(135): Magento\Backend\App\Action\Plugin\Authentication->aroundDispatch(Object(Magento\TwoFactorAuth\Controller\Adminhtml\Tfa\Requestconfig\Interceptor), Object(Closure), Object(Magento\Framework\App\Request\Http))
#26 /app/vendor/magento/framework/Interception/Interceptor.php(153): Magento\TwoFactorAuth\Controller\Adminhtml\Tfa\Requestconfig\Interceptor->{closure:Magento\Framework\Interception\Interceptor::___callPlugins():104}(Object(Magento\Framework\App\Request\Http))
#27 /app/generated/code/Magento/TwoFactorAuth/Controller/Adminhtml/Tfa/Requestconfig/Interceptor.php(32): Magento\TwoFactorAuth\Controller\Adminhtml\Tfa\Requestconfig\Interceptor->___callPlugins('dispatch', Array, Array)
#28 /app/vendor/magento/framework/App/FrontController.php(245): Magento\TwoFactorAuth\Controller\Adminhtml\Tfa\Requestconfig\Interceptor->dispatch(Object(Magento\Framework\App\Request\Http))
#29 /app/vendor/magento/framework/App/FrontController.php(212): Magento\Framework\App\FrontController->getActionResponse(Object(Magento\TwoFactorAuth\Controller\Adminhtml\Tfa\Requestconfig\Interceptor), Object(Magento\Framework\App\Request\Http))
#30 /app/vendor/magento/framework/App/FrontController.php(146): Magento\Framework\App\FrontController->processRequest(Object(Magento\Framework\App\Request\Http), Object(Magento\TwoFactorAuth\Controller\Adminhtml\Tfa\Requestconfig\Interceptor))
#31 /app/vendor/magento/framework/Interception/Interceptor.php(58): Magento\Framework\App\FrontController->dispatch(Object(Magento\Framework\App\Request\Http))
#32 /app/vendor/magento/framework/Interception/Interceptor.php(138): Magento\Framework\App\FrontController\Interceptor->___callParent('dispatch', Array)
#33 /app/vendor/magento/framework/Interception/Interceptor.php(153): Magento\Framework\App\FrontController\Interceptor->{closure:Magento\Framework\Interception\Interceptor::___callPlugins():104}(Object(Magento\Framework\App\Request\Http))
#34 /app/generated/code/Magento/Framework/App/FrontController/Interceptor.php(23): Magento\Framework\App\FrontController\Interceptor->___callPlugins('dispatch', Array, Array)
#35 /app/vendor/magento/framework/App/Http.php(116): Magento\Framework\App\FrontController\Interceptor->dispatch(Object(Magento\Framework\App\Request\Http))
#36 /app/vendor/magento/framework/Interception/Interceptor.php(58): Magento\Framework\App\Http->launch()
#37 /app/vendor/magento/framework/Interception/Interceptor.php(138): Magento\Framework\App\Http\Interceptor->___callParent('launch', Array)
#38 /app/vendor/magento/module-application-performance-monitor/Plugin/ApplicationPerformanceMonitor.php(38): Magento\Framework\App\Http\Interceptor->{closure:Magento\Framework\Interception\Interceptor::___callPlugins():104}()
#39 /app/vendor/magento/framework/Interception/Interceptor.php(135): Magento\ApplicationPerformanceMonitor\Plugin\ApplicationPerformanceMonitor->aroundLaunch(Object(Magento\Framework\App\Http\Interceptor), Object(Closure))
#40 /app/vendor/magento/framework/Interception/Interceptor.php(153): Magento\Framework\App\Http\Interceptor->{closure:Magento\Framework\Interception\Interceptor::___callPlugins():104}()
#41 /app/generated/code/Magento/Framework/App/Http/Interceptor.php(23): Magento\Framework\App\Http\Interceptor->___callPlugins('launch', Array, NULL)
#42 /app/vendor/magento/framework/App/Bootstrap.php(264): Magento\Framework\App\Http\Interceptor->launch()
#43 /app/pub/index.php(30): Magento\Framework\App\Bootstrap->run(Object(Magento\Framework\App\Http\Interceptor))
#44 {main} {"exception":"[object] (InvalidArgumentException(code: 0): Unsupported sendmail command flags \"/usr/local/bin/mhsendmail --smtp-addr=mailhog:1025\"; must be one of \"-bs\" or \"-t\" but can include additional flags. at /app/vendor/symfony/mailer/Transport/SendmailTransport.php:58)"} []
[2026-05-15T00:54:22.189595+00:00] main.CRITICAL: InvalidArgumentException: Unsupported sendmail command flags "/usr/local/bin/mhsendmail --smtp-addr=mailhog:1025"; must be one of "-bs" or "-t" but can include additional flags. in /app/vendor/symfony/mailer/Transport/SendmailTransport.php:58
Stack trace:
#0 /app/vendor/symfony/mailer/Transport/NativeTransportFactory.php(33): Symfony\Component\Mailer\Transport\SendmailTransport->__construct('/usr/local/bin/...', NULL, NULL)
#1 /app/vendor/magento/module-email/Model/Transport.php(226): Symfony\Component\Mailer\Transport\NativeTransportFactory->create(Object(Symfony\Component\Mailer\Transport\Dsn))
#2 /app/vendor/magento/module-email/Model/Transport.php(159): Magento\Email\Model\Transport->createSendmailTransport()
#3 /app/generated/code/Magento/Email/Model/Transport/Interceptor.php(23): Magento\Email\Model\Transport->getTransport()
#4 /app/vendor/magento/module-email/Model/Transport.php(237): Magento\Email\Model\Transport\Interceptor->getTransport()
#5 /app/vendor/magento/framework/Interception/Interceptor.php(58): Magento\Email\Model\Transport->sendMessage()
#6 /app/vendor/magento/framework/Interception/Interceptor.php(138): Magento\Email\Model\Transport\Interceptor->___callParent('sendMessage', Array)
#7 /app/vendor/magento/module-email/Model/Mail/TransportInterfacePlugin.php(48): Magento\Email\Model\Transport\Interceptor->{closure:Magento\Framework\Interception\Interceptor::___callPlugins():104}()
#8 /app/vendor/magento/framework/Interception/Interceptor.php(135): Magento\Email\Model\Mail\TransportInterfacePlugin->aroundSendMessage(Object(Magento\Email\Model\Transport\Interceptor), Object(Closure))
#9 /app/vendor/magento/framework/Interception/Interceptor.php(153): Magento\Email\Model\Transport\Interceptor->{closure:Magento\Framework\Interception\Interceptor::___callPlugins():104}()
#10 /app/generated/code/Magento/Email/Model/Transport/Interceptor.php(32): Magento\Email\Model\Transport\Interceptor->___callPlugins('sendMessage', Array, NULL)
#11 /app/vendor/magento/module-two-factor-auth/Model/EmailUserNotifier.php(106): Magento\Email\Model\Transport\Interceptor->sendMessage()
#12 /app/vendor/magento/module-two-factor-auth/Model/EmailUserNotifier.php(131): Magento\TwoFactorAuth\Model\EmailUserNotifier->sendConfigRequired(Object(Magento\AdminAdobeIms\Model\User\Interceptor), 'eyJ1c2VyX2lkIjo...', 'tfa_admin_app_c...', 'https://magento...')
#13 /app/vendor/magento/module-two-factor-auth/Model/UserConfig/UserConfigRequestManager.php(82): Magento\TwoFactorAuth\Model\EmailUserNotifier->sendAppConfigRequestMessage(Object(Magento\AdminAdobeIms\Model\User\Interceptor), 'eyJ1c2VyX2lkIjo...')
#14 /app/vendor/magento/module-two-factor-auth/Controller/Adminhtml/Tfa/Requestconfig.php(95): Magento\TwoFactorAuth\Model\UserConfig\UserConfigRequestManager->sendConfigRequestTo(Object(Magento\AdminAdobeIms\Model\User\Interceptor))
#15 /app/vendor/magento/framework/Interception/Interceptor.php(58): Magento\TwoFactorAuth\Controller\Adminhtml\Tfa\Requestconfig->execute()
#16 /app/vendor/magento/framework/Interception/Interceptor.php(138): Magento\TwoFactorAuth\Controller\Adminhtml\Tfa\Requestconfig\Interceptor->___callParent('execute', Array)
#17 /app/vendor/magento/framework/Interception/Interceptor.php(153): Magento\TwoFactorAuth\Controller\Adminhtml\Tfa\Requestconfig\Interceptor->{closure:Magento\Framework\Interception\Interceptor::___callPlugins():104}()
#18 /app/generated/code/Magento/TwoFactorAuth/Controller/Adminhtml/Tfa/Requestconfig/Interceptor.php(23): Magento\TwoFactorAuth\Controller\Adminhtml\Tfa\Requestconfig\Interceptor->___callPlugins('execute', Array, Array)
#19 /app/vendor/magento/framework/App/Action/Action.php(111): Magento\TwoFactorAuth\Controller\Adminhtml\Tfa\Requestconfig\Interceptor->execute()
#20 /app/vendor/magento/module-backend/App/AbstractAction.php(151): Magento\Framework\App\Action\Action->dispatch(Object(Magento\Framework\App\Request\Http))
#21 /app/vendor/magento/module-two-factor-auth/Controller/Adminhtml/AbstractAction.php(31): Magento\Backend\App\AbstractAction->dispatch(Object(Magento\Framework\App\Request\Http))
#22 /app/vendor/magento/framework/Interception/Interceptor.php(58): Magento\TwoFactorAuth\Controller\Adminhtml\AbstractAction->dispatch(Object(Magento\Framework\App\Request\Http))
#23 /app/vendor/magento/framework/Interception/Interceptor.php(138): Magento\TwoFactorAuth\Controller\Adminhtml\Tfa\Requestconfig\Interceptor->___callParent('dispatch', Array)
#24 /app/vendor/magento/module-backend/App/Action/Plugin/Authentication.php(145): Magento\TwoFactorAuth\Controller\Adminhtml\Tfa\Requestconfig\Interceptor->{closure:Magento\Framework\Interception\Interceptor::___callPlugins():104}(Object(Magento\Framework\App\Request\Http))
#25 /app/vendor/magento/framework/Interception/Interceptor.php(135): Magento\Backend\App\Action\Plugin\Authentication->aroundDispatch(Object(Magento\TwoFactorAuth\Controller\Adminhtml\Tfa\Requestconfig\Interceptor), Object(Closure), Object(Magento\Framework\App\Request\Http))
#26 /app/vendor/magento/framework/Interception/Interceptor.php(153): Magento\TwoFactorAuth\Controller\Adminhtml\Tfa\Requestconfig\Interceptor->{closure:Magento\Framework\Interception\Interceptor::___callPlugins():104}(Object(Magento\Framework\App\Request\Http))
#27 /app/generated/code/Magento/TwoFactorAuth/Controller/Adminhtml/Tfa/Requestconfig/Interceptor.php(32): Magento\TwoFactorAuth\Controller\Adminhtml\Tfa\Requestconfig\Interceptor->___callPlugins('dispatch', Array, Array)
#28 /app/vendor/magento/framework/App/FrontController.php(245): Magento\TwoFactorAuth\Controller\Adminhtml\Tfa\Requestconfig\Interceptor->dispatch(Object(Magento\Framework\App\Request\Http))
#29 /app/vendor/magento/framework/App/FrontController.php(212): Magento\Framework\App\FrontController->getActionResponse(Object(Magento\TwoFactorAuth\Controller\Adminhtml\Tfa\Requestconfig\Interceptor), Object(Magento\Framework\App\Request\Http))
#30 /app/vendor/magento/framework/App/FrontController.php(146): Magento\Framework\App\FrontController->processRequest(Object(Magento\Framework\App\Request\Http), Object(Magento\TwoFactorAuth\Controller\Adminhtml\Tfa\Requestconfig\Interceptor))
#31 /app/vendor/magento/framework/Interception/Interceptor.php(58): Magento\Framework\App\FrontController->dispatch(Object(Magento\Framework\App\Request\Http))
#32 /app/vendor/magento/framework/Interception/Interceptor.php(138): Magento\Framework\App\FrontController\Interceptor->___callParent('dispatch', Array)
#33 /app/vendor/magento/framework/Interception/Interceptor.php(153): Magento\Framework\App\FrontController\Interceptor->{closure:Magento\Framework\Interception\Interceptor::___callPlugins():104}(Object(Magento\Framework\App\Request\Http))
#34 /app/generated/code/Magento/Framework/App/FrontController/Interceptor.php(23): Magento\Framework\App\FrontController\Interceptor->___callPlugins('dispatch', Array, Array)
#35 /app/vendor/magento/framework/App/Http.php(116): Magento\Framework\App\FrontController\Interceptor->dispatch(Object(Magento\Framework\App\Request\Http))
#36 /app/vendor/magento/framework/Interception/Interceptor.php(58): Magento\Framework\App\Http->launch()
#37 /app/vendor/magento/framework/Interception/Interceptor.php(138): Magento\Framework\App\Http\Interceptor->___callParent('launch', Array)
#38 /app/vendor/magento/module-application-performance-monitor/Plugin/ApplicationPerformanceMonitor.php(38): Magento\Framework\App\Http\Interceptor->{closure:Magento\Framework\Interception\Interceptor::___callPlugins():104}()
#39 /app/vendor/magento/framework/Interception/Interceptor.php(135): Magento\ApplicationPerformanceMonitor\Plugin\ApplicationPerformanceMonitor->aroundLaunch(Object(Magento\Framework\App\Http\Interceptor), Object(Closure))
#40 /app/vendor/magento/framework/Interception/Interceptor.php(153): Magento\Framework\App\Http\Interceptor->{closure:Magento\Framework\Interception\Interceptor::___callPlugins():104}()
#41 /app/generated/code/Magento/Framework/App/Http/Interceptor.php(23): Magento\Framework\App\Http\Interceptor->___callPlugins('launch', Array, NULL)
#42 /app/vendor/magento/framework/App/Bootstrap.php(264): Magento\Framework\App\Http\Interceptor->launch()
#43 /app/pub/index.php(30): Magento\Framework\App\Bootstrap->run(Object(Magento\Framework\App\Http\Interceptor))
#44 {main}

Next Magento\Framework\Exception\MailException: Unable to send mail. Please try again later. in /app/vendor/magento/module-email/Model/Transport.php:247
Stack trace:
#0 /app/vendor/magento/framework/Interception/Interceptor.php(58): Magento\Email\Model\Transport->sendMessage()
#1 /app/vendor/magento/framework/Interception/Interceptor.php(138): Magento\Email\Model\Transport\Interceptor->___callParent('sendMessage', Array)
#2 /app/vendor/magento/module-email/Model/Mail/TransportInterfacePlugin.php(48): Magento\Email\Model\Transport\Interceptor->{closure:Magento\Framework\Interception\Interceptor::___callPlugins():104}()
#3 /app/vendor/magento/framework/Interception/Interceptor.php(135): Magento\Email\Model\Mail\TransportInterfacePlugin->aroundSendMessage(Object(Magento\Email\Model\Transport\Interceptor), Object(Closure))
#4 /app/vendor/magento/framework/Interception/Interceptor.php(153): Magento\Email\Model\Transport\Interceptor->{closure:Magento\Framework\Interception\Interceptor::___callPlugins():104}()
#5 /app/generated/code/Magento/Email/Model/Transport/Interceptor.php(32): Magento\Email\Model\Transport\Interceptor->___callPlugins('sendMessage', Array, NULL)
#6 /app/vendor/magento/module-two-factor-auth/Model/EmailUserNotifier.php(106): Magento\Email\Model\Transport\Interceptor->sendMessage()
#7 /app/vendor/magento/module-two-factor-auth/Model/EmailUserNotifier.php(131): Magento\TwoFactorAuth\Model\EmailUserNotifier->sendConfigRequired(Object(Magento\AdminAdobeIms\Model\User\Interceptor), 'eyJ1c2VyX2lkIjo...', 'tfa_admin_app_c...', 'https://magento...')
#8 /app/vendor/magento/module-two-factor-auth/Model/UserConfig/UserConfigRequestManager.php(82): Magento\TwoFactorAuth\Model\EmailUserNotifier->sendAppConfigRequestMessage(Object(Magento\AdminAdobeIms\Model\User\Interceptor), 'eyJ1c2VyX2lkIjo...')
#9 /app/vendor/magento/module-two-factor-auth/Controller/Adminhtml/Tfa/Requestconfig.php(95): Magento\TwoFactorAuth\Model\UserConfig\UserConfigRequestManager->sendConfigRequestTo(Object(Magento\AdminAdobeIms\Model\User\Interceptor))
#10 /app/vendor/magento/framework/Interception/Interceptor.php(58): Magento\TwoFactorAuth\Controller\Adminhtml\Tfa\Requestconfig->execute()
#11 /app/vendor/magento/framework/Interception/Interceptor.php(138): Magento\TwoFactorAuth\Controller\Adminhtml\Tfa\Requestconfig\Interceptor->___callParent('execute', Array)
#12 /app/vendor/magento/framework/Interception/Interceptor.php(153): Magento\TwoFactorAuth\Controller\Adminhtml\Tfa\Requestconfig\Interceptor->{closure:Magento\Framework\Interception\Interceptor::___callPlugins():104}()
#13 /app/generated/code/Magento/TwoFactorAuth/Controller/Adminhtml/Tfa/Requestconfig/Interceptor.php(23): Magento\TwoFactorAuth\Controller\Adminhtml\Tfa\Requestconfig\Interceptor->___callPlugins('execute', Array, Array)
#14 /app/vendor/magento/framework/App/Action/Action.php(111): Magento\TwoFactorAuth\Controller\Adminhtml\Tfa\Requestconfig\Interceptor->execute()
#15 /app/vendor/magento/module-backend/App/AbstractAction.php(151): Magento\Framework\App\Action\Action->dispatch(Object(Magento\Framework\App\Request\Http))
#16 /app/vendor/magento/module-two-factor-auth/Controller/Adminhtml/AbstractAction.php(31): Magento\Backend\App\AbstractAction->dispatch(Object(Magento\Framework\App\Request\Http))
#17 /app/vendor/magento/framework/Interception/Interceptor.php(58): Magento\TwoFactorAuth\Controller\Adminhtml\AbstractAction->dispatch(Object(Magento\Framework\App\Request\Http))
#18 /app/vendor/magento/framework/Interception/Interceptor.php(138): Magento\TwoFactorAuth\Controller\Adminhtml\Tfa\Requestconfig\Interceptor->___callParent('dispatch', Array)
#19 /app/vendor/magento/module-backend/App/Action/Plugin/Authentication.php(145): Magento\TwoFactorAuth\Controller\Adminhtml\Tfa\Requestconfig\Interceptor->{closure:Magento\Framework\Interception\Interceptor::___callPlugins():104}(Object(Magento\Framework\App\Request\Http))
#20 /app/vendor/magento/framework/Interception/Interceptor.php(135): Magento\Backend\App\Action\Plugin\Authentication->aroundDispatch(Object(Magento\TwoFactorAuth\Controller\Adminhtml\Tfa\Requestconfig\Interceptor), Object(Closure), Object(Magento\Framework\App\Request\Http))
#21 /app/vendor/magento/framework/Interception/Interceptor.php(153): Magento\TwoFactorAuth\Controller\Adminhtml\Tfa\Requestconfig\Interceptor->{closure:Magento\Framework\Interception\Interceptor::___callPlugins():104}(Object(Magento\Framework\App\Request\Http))
#22 /app/generated/code/Magento/TwoFactorAuth/Controller/Adminhtml/Tfa/Requestconfig/Interceptor.php(32): Magento\TwoFactorAuth\Controller\Adminhtml\Tfa\Requestconfig\Interceptor->___callPlugins('dispatch', Array, Array)
#23 /app/vendor/magento/framework/App/FrontController.php(245): Magento\TwoFactorAuth\Controller\Adminhtml\Tfa\Requestconfig\Interceptor->dispatch(Object(Magento\Framework\App\Request\Http))
#24 /app/vendor/magento/framework/App/FrontController.php(212): Magento\Framework\App\FrontController->getActionResponse(Object(Magento\TwoFactorAuth\Controller\Adminhtml\Tfa\Requestconfig\Interceptor), Object(Magento\Framework\App\Request\Http))
#25 /app/vendor/magento/framework/App/FrontController.php(146): Magento\Framework\App\FrontController->processRequest(Object(Magento\Framework\App\Request\Http), Object(Magento\TwoFactorAuth\Controller\Adminhtml\Tfa\Requestconfig\Interceptor))
#26 /app/vendor/magento/framework/Interception/Interceptor.php(58): Magento\Framework\App\FrontController->dispatch(Object(Magento\Framework\App\Request\Http))
#27 /app/vendor/magento/framework/Interception/Interceptor.php(138): Magento\Framework\App\FrontController\Interceptor->___callParent('dispatch', Array)
#28 /app/vendor/magento/framework/Interception/Interceptor.php(153): Magento\Framework\App\FrontController\Interceptor->{closure:Magento\Framework\Interception\Interceptor::___callPlugins():104}(Object(Magento\Framework\App\Request\Http))
#29 /app/generated/code/Magento/Framework/App/FrontController/Interceptor.php(23): Magento\Framework\App\FrontController\Interceptor->___callPlugins('dispatch', Array, Array)
#30 /app/vendor/magento/framework/App/Http.php(116): Magento\Framework\App\FrontController\Interceptor->dispatch(Object(Magento\Framework\App\Request\Http))
#31 /app/vendor/magento/framework/Interception/Interceptor.php(58): Magento\Framework\App\Http->launch()
#32 /app/vendor/magento/framework/Interception/Interceptor.php(138): Magento\Framework\App\Http\Interceptor->___callParent('launch', Array)
#33 /app/vendor/magento/module-application-performance-monitor/Plugin/ApplicationPerformanceMonitor.php(38): Magento\Framework\App\Http\Interceptor->{closure:Magento\Framework\Interception\Interceptor::___callPlugins():104}()
#34 /app/vendor/magento/framework/Interception/Interceptor.php(135): Magento\ApplicationPerformanceMonitor\Plugin\ApplicationPerformanceMonitor->aroundLaunch(Object(Magento\Framework\App\Http\Interceptor), Object(Closure))
#35 /app/vendor/magento/framework/Interception/Interceptor.php(153): Magento\Framework\App\Http\Interceptor->{closure:Magento\Framework\Interception\Interceptor::___callPlugins():104}()
#36 /app/generated/code/Magento/Framework/App/Http/Interceptor.php(23): Magento\Framework\App\Http\Interceptor->___callPlugins('launch', Array, NULL)
#37 /app/vendor/magento/framework/App/Bootstrap.php(264): Magento\Framework\App\Http\Interceptor->launch()
#38 /app/pub/index.php(30): Magento\Framework\App\Bootstrap->run(Object(Magento\Framework\App\Http\Interceptor))
#39 {main} {"exception":"[object] (Magento\\Framework\\Exception\\MailException(code: 0): Unable to send mail. Please try again later. at /app/vendor/magento/module-email/Model/Transport.php:247)
[previous exception] [object] (InvalidArgumentException(code: 0): Unsupported sendmail command flags \"/usr/local/bin/mhsendmail --smtp-addr=mailhog:1025\"; must be one of \"-bs\" or \"-t\" but can include additional flags. at /app/vendor/symfony/mailer/Transport/SendmailTransport.php:58)"} []
[2026-05-15T00:59:02.417988+00:00] main.ERROR: InvalidArgumentException: Unsupported sendmail command flags "/usr/local/bin/mhsendmail --smtp-addr=mailhog:1025"; must be one of "-bs" or "-t" but can include additional flags. in /app/vendor/symfony/mailer/Transport/SendmailTransport.php:58
Stack trace:
#0 /app/vendor/symfony/mailer/Transport/NativeTransportFactory.php(33): Symfony\Component\Mailer\Transport\SendmailTransport->__construct('/usr/local/bin/...', NULL, NULL)
#1 /app/vendor/magento/module-email/Model/Transport.php(226): Symfony\Component\Mailer\Transport\NativeTransportFactory->create(Object(Symfony\Component\Mailer\Transport\Dsn))
#2 /app/vendor/magento/module-email/Model/Transport.php(159): Magento\Email\Model\Transport->createSendmailTransport()
#3 /app/generated/code/Magento/Email/Model/Transport/Interceptor.php(23): Magento\Email\Model\Transport->getTransport()
#4 /app/vendor/magento/module-email/Model/Transport.php(237): Magento\Email\Model\Transport\Interceptor->getTransport()
#5 /app/vendor/magento/framework/Interception/Interceptor.php(58): Magento\Email\Model\Transport->sendMessage()
#6 /app/vendor/magento/framework/Interception/Interceptor.php(138): Magento\Email\Model\Transport\Interceptor->___callParent('sendMessage', Array)
#7 /app/vendor/magento/module-email/Model/Mail/TransportInterfacePlugin.php(48): Magento\Email\Model\Transport\Interceptor->{closure:Magento\Framework\Interception\Interceptor::___callPlugins():104}()
#8 /app/vendor/magento/framework/Interception/Interceptor.php(135): Magento\Email\Model\Mail\TransportInterfacePlugin->aroundSendMessage(Object(Magento\Email\Model\Transport\Interceptor), Object(Closure))
#9 /app/vendor/magento/framework/Interception/Interceptor.php(153): Magento\Email\Model\Transport\Interceptor->{closure:Magento\Framework\Interception\Interceptor::___callPlugins():104}()
#10 /app/generated/code/Magento/Email/Model/Transport/Interceptor.php(32): Magento\Email\Model\Transport\Interceptor->___callPlugins('sendMessage', Array, NULL)
#11 /app/vendor/magento/module-two-factor-auth/Model/EmailUserNotifier.php(106): Magento\Email\Model\Transport\Interceptor->sendMessage()
#12 /app/vendor/magento/module-two-factor-auth/Model/EmailUserNotifier.php(131): Magento\TwoFactorAuth\Model\EmailUserNotifier->sendConfigRequired(Object(Magento\AdminAdobeIms\Model\User\Interceptor), 'eyJ1c2VyX2lkIjo...', 'tfa_admin_app_c...', 'https://magento...')
#13 /app/vendor/magento/module-two-factor-auth/Model/UserConfig/UserConfigRequestManager.php(82): Magento\TwoFactorAuth\Model\EmailUserNotifier->sendAppConfigRequestMessage(Object(Magento\AdminAdobeIms\Model\User\Interceptor), 'eyJ1c2VyX2lkIjo...')
#14 /app/vendor/magento/module-two-factor-auth/Controller/Adminhtml/Tfa/Requestconfig.php(95): Magento\TwoFactorAuth\Model\UserConfig\UserConfigRequestManager->sendConfigRequestTo(Object(Magento\AdminAdobeIms\Model\User\Interceptor))
#15 /app/vendor/magento/framework/Interception/Interceptor.php(58): Magento\TwoFactorAuth\Controller\Adminhtml\Tfa\Requestconfig->execute()
#16 /app/vendor/magento/framework/Interception/Interceptor.php(138): Magento\TwoFactorAuth\Controller\Adminhtml\Tfa\Requestconfig\Interceptor->___callParent('execute', Array)
#17 /app/vendor/magento/framework/Interception/Interceptor.php(153): Magento\TwoFactorAuth\Controller\Adminhtml\Tfa\Requestconfig\Interceptor->{closure:Magento\Framework\Interception\Interceptor::___callPlugins():104}()
#18 /app/generated/code/Magento/TwoFactorAuth/Controller/Adminhtml/Tfa/Requestconfig/Interceptor.php(23): Magento\TwoFactorAuth\Controller\Adminhtml\Tfa\Requestconfig\Interceptor->___callPlugins('execute', Array, Array)
#19 /app/vendor/magento/framework/App/Action/Action.php(111): Magento\TwoFactorAuth\Controller\Adminhtml\Tfa\Requestconfig\Interceptor->execute()
#20 /app/vendor/magento/module-backend/App/AbstractAction.php(151): Magento\Framework\App\Action\Action->dispatch(Object(Magento\Framework\App\Request\Http))
#21 /app/vendor/magento/module-two-factor-auth/Controller/Adminhtml/AbstractAction.php(31): Magento\Backend\App\AbstractAction->dispatch(Object(Magento\Framework\App\Request\Http))
#22 /app/vendor/magento/framework/Interception/Interceptor.php(58): Magento\TwoFactorAuth\Controller\Adminhtml\AbstractAction->dispatch(Object(Magento\Framework\App\Request\Http))
#23 /app/vendor/magento/framework/Interception/Interceptor.php(138): Magento\TwoFactorAuth\Controller\Adminhtml\Tfa\Requestconfig\Interceptor->___callParent('dispatch', Array)
#24 /app/vendor/magento/module-backend/App/Action/Plugin/Authentication.php(145): Magento\TwoFactorAuth\Controller\Adminhtml\Tfa\Requestconfig\Interceptor->{closure:Magento\Framework\Interception\Interceptor::___callPlugins():104}(Object(Magento\Framework\App\Request\Http))
#25 /app/vendor/magento/framework/Interception/Interceptor.php(135): Magento\Backend\App\Action\Plugin\Authentication->aroundDispatch(Object(Magento\TwoFactorAuth\Controller\Adminhtml\Tfa\Requestconfig\Interceptor), Object(Closure), Object(Magento\Framework\App\Request\Http))
#26 /app/vendor/magento/framework/Interception/Interceptor.php(153): Magento\TwoFactorAuth\Controller\Adminhtml\Tfa\Requestconfig\Interceptor->{closure:Magento\Framework\Interception\Interceptor::___callPlugins():104}(Object(Magento\Framework\App\Request\Http))
#27 /app/generated/code/Magento/TwoFactorAuth/Controller/Adminhtml/Tfa/Requestconfig/Interceptor.php(32): Magento\TwoFactorAuth\Controller\Adminhtml\Tfa\Requestconfig\Interceptor->___callPlugins('dispatch', Array, Array)
#28 /app/vendor/magento/framework/App/FrontController.php(245): Magento\TwoFactorAuth\Controller\Adminhtml\Tfa\Requestconfig\Interceptor->dispatch(Object(Magento\Framework\App\Request\Http))
#29 /app/vendor/magento/framework/App/FrontController.php(212): Magento\Framework\App\FrontController->getActionResponse(Object(Magento\TwoFactorAuth\Controller\Adminhtml\Tfa\Requestconfig\Interceptor), Object(Magento\Framework\App\Request\Http))
#30 /app/vendor/magento/framework/App/FrontController.php(146): Magento\Framework\App\FrontController->processRequest(Object(Magento\Framework\App\Request\Http), Object(Magento\TwoFactorAuth\Controller\Adminhtml\Tfa\Requestconfig\Interceptor))
#31 /app/vendor/magento/framework/Interception/Interceptor.php(58): Magento\Framework\App\FrontController->dispatch(Object(Magento\Framework\App\Request\Http))
#32 /app/vendor/magento/framework/Interception/Interceptor.php(138): Magento\Framework\App\FrontController\Interceptor->___callParent('dispatch', Array)
#33 /app/vendor/magento/framework/Interception/Interceptor.php(153): Magento\Framework\App\FrontController\Interceptor->{closure:Magento\Framework\Interception\Interceptor::___callPlugins():104}(Object(Magento\Framework\App\Request\Http))
#34 /app/generated/code/Magento/Framework/App/FrontController/Interceptor.php(23): Magento\Framework\App\FrontController\Interceptor->___callPlugins('dispatch', Array, Array)
#35 /app/vendor/magento/framework/App/Http.php(116): Magento\Framework\App\FrontController\Interceptor->dispatch(Object(Magento\Framework\App\Request\Http))
#36 /app/vendor/magento/framework/Interception/Interceptor.php(58): Magento\Framework\App\Http->launch()
#37 /app/vendor/magento/framework/Interception/Interceptor.php(138): Magento\Framework\App\Http\Interceptor->___callParent('launch', Array)
#38 /app/vendor/magento/module-application-performance-monitor/Plugin/ApplicationPerformanceMonitor.php(38): Magento\Framework\App\Http\Interceptor->{closure:Magento\Framework\Interception\Interceptor::___callPlugins():104}()
#39 /app/vendor/magento/framework/Interception/Interceptor.php(135): Magento\ApplicationPerformanceMonitor\Plugin\ApplicationPerformanceMonitor->aroundLaunch(Object(Magento\Framework\App\Http\Interceptor), Object(Closure))
#40 /app/vendor/magento/framework/Interception/Interceptor.php(153): Magento\Framework\App\Http\Interceptor->{closure:Magento\Framework\Interception\Interceptor::___callPlugins():104}()
#41 /app/generated/code/Magento/Framework/App/Http/Interceptor.php(23): Magento\Framework\App\Http\Interceptor->___callPlugins('launch', Array, NULL)
#42 /app/vendor/magento/framework/App/Bootstrap.php(264): Magento\Framework\App\Http\Interceptor->launch()
#43 /app/pub/index.php(30): Magento\Framework\App\Bootstrap->run(Object(Magento\Framework\App\Http\Interceptor))
#44 {main} {"exception":"[object] (InvalidArgumentException(code: 0): Unsupported sendmail command flags \"/usr/local/bin/mhsendmail --smtp-addr=mailhog:1025\"; must be one of \"-bs\" or \"-t\" but can include additional flags. at /app/vendor/symfony/mailer/Transport/SendmailTransport.php:58)"} []
[2026-05-15T00:59:02.418959+00:00] main.CRITICAL: InvalidArgumentException: Unsupported sendmail command flags "/usr/local/bin/mhsendmail --smtp-addr=mailhog:1025"; must be one of "-bs" or "-t" but can include additional flags. in /app/vendor/symfony/mailer/Transport/SendmailTransport.php:58
Stack trace:
#0 /app/vendor/symfony/mailer/Transport/NativeTransportFactory.php(33): Symfony\Component\Mailer\Transport\SendmailTransport->__construct('/usr/local/bin/...', NULL, NULL)
#1 /app/vendor/magento/module-email/Model/Transport.php(226): Symfony\Component\Mailer\Transport\NativeTransportFactory->create(Object(Symfony\Component\Mailer\Transport\Dsn))
#2 /app/vendor/magento/module-email/Model/Transport.php(159): Magento\Email\Model\Transport->createSendmailTransport()
#3 /app/generated/code/Magento/Email/Model/Transport/Interceptor.php(23): Magento\Email\Model\Transport->getTransport()
#4 /app/vendor/magento/module-email/Model/Transport.php(237): Magento\Email\Model\Transport\Interceptor->getTransport()
#5 /app/vendor/magento/framework/Interception/Interceptor.php(58): Magento\Email\Model\Transport->sendMessage()
#6 /app/vendor/magento/framework/Interception/Interceptor.php(138): Magento\Email\Model\Transport\Interceptor->___callParent('sendMessage', Array)
#7 /app/vendor/magento/module-email/Model/Mail/TransportInterfacePlugin.php(48): Magento\Email\Model\Transport\Interceptor->{closure:Magento\Framework\Interception\Interceptor::___callPlugins():104}()
#8 /app/vendor/magento/framework/Interception/Interceptor.php(135): Magento\Email\Model\Mail\TransportInterfacePlugin->aroundSendMessage(Object(Magento\Email\Model\Transport\Interceptor), Object(Closure))
#9 /app/vendor/magento/framework/Interception/Interceptor.php(153): Magento\Email\Model\Transport\Interceptor->{closure:Magento\Framework\Interception\Interceptor::___callPlugins():104}()
#10 /app/generated/code/Magento/Email/Model/Transport/Interceptor.php(32): Magento\Email\Model\Transport\Interceptor->___callPlugins('sendMessage', Array, NULL)
#11 /app/vendor/magento/module-two-factor-auth/Model/EmailUserNotifier.php(106): Magento\Email\Model\Transport\Interceptor->sendMessage()
#12 /app/vendor/magento/module-two-factor-auth/Model/EmailUserNotifier.php(131): Magento\TwoFactorAuth\Model\EmailUserNotifier->sendConfigRequired(Object(Magento\AdminAdobeIms\Model\User\Interceptor), 'eyJ1c2VyX2lkIjo...', 'tfa_admin_app_c...', 'https://magento...')
#13 /app/vendor/magento/module-two-factor-auth/Model/UserConfig/UserConfigRequestManager.php(82): Magento\TwoFactorAuth\Model\EmailUserNotifier->sendAppConfigRequestMessage(Object(Magento\AdminAdobeIms\Model\User\Interceptor), 'eyJ1c2VyX2lkIjo...')
#14 /app/vendor/magento/module-two-factor-auth/Controller/Adminhtml/Tfa/Requestconfig.php(95): Magento\TwoFactorAuth\Model\UserConfig\UserConfigRequestManager->sendConfigRequestTo(Object(Magento\AdminAdobeIms\Model\User\Interceptor))
#15 /app/vendor/magento/framework/Interception/Interceptor.php(58): Magento\TwoFactorAuth\Controller\Adminhtml\Tfa\Requestconfig->execute()
#16 /app/vendor/magento/framework/Interception/Interceptor.php(138): Magento\TwoFactorAuth\Controller\Adminhtml\Tfa\Requestconfig\Interceptor->___callParent('execute', Array)
#17 /app/vendor/magento/framework/Interception/Interceptor.php(153): Magento\TwoFactorAuth\Controller\Adminhtml\Tfa\Requestconfig\Interceptor->{closure:Magento\Framework\Interception\Interceptor::___callPlugins():104}()
#18 /app/generated/code/Magento/TwoFactorAuth/Controller/Adminhtml/Tfa/Requestconfig/Interceptor.php(23): Magento\TwoFactorAuth\Controller\Adminhtml\Tfa\Requestconfig\Interceptor->___callPlugins('execute', Array, Array)
#19 /app/vendor/magento/framework/App/Action/Action.php(111): Magento\TwoFactorAuth\Controller\Adminhtml\Tfa\Requestconfig\Interceptor->execute()
#20 /app/vendor/magento/module-backend/App/AbstractAction.php(151): Magento\Framework\App\Action\Action->dispatch(Object(Magento\Framework\App\Request\Http))
#21 /app/vendor/magento/module-two-factor-auth/Controller/Adminhtml/AbstractAction.php(31): Magento\Backend\App\AbstractAction->dispatch(Object(Magento\Framework\App\Request\Http))
#22 /app/vendor/magento/framework/Interception/Interceptor.php(58): Magento\TwoFactorAuth\Controller\Adminhtml\AbstractAction->dispatch(Object(Magento\Framework\App\Request\Http))
#23 /app/vendor/magento/framework/Interception/Interceptor.php(138): Magento\TwoFactorAuth\Controller\Adminhtml\Tfa\Requestconfig\Interceptor->___callParent('dispatch', Array)
#24 /app/vendor/magento/module-backend/App/Action/Plugin/Authentication.php(145): Magento\TwoFactorAuth\Controller\Adminhtml\Tfa\Requestconfig\Interceptor->{closure:Magento\Framework\Interception\Interceptor::___callPlugins():104}(Object(Magento\Framework\App\Request\Http))
#25 /app/vendor/magento/framework/Interception/Interceptor.php(135): Magento\Backend\App\Action\Plugin\Authentication->aroundDispatch(Object(Magento\TwoFactorAuth\Controller\Adminhtml\Tfa\Requestconfig\Interceptor), Object(Closure), Object(Magento\Framework\App\Request\Http))
#26 /app/vendor/magento/framework/Interception/Interceptor.php(153): Magento\TwoFactorAuth\Controller\Adminhtml\Tfa\Requestconfig\Interceptor->{closure:Magento\Framework\Interception\Interceptor::___callPlugins():104}(Object(Magento\Framework\App\Request\Http))
#27 /app/generated/code/Magento/TwoFactorAuth/Controller/Adminhtml/Tfa/Requestconfig/Interceptor.php(32): Magento\TwoFactorAuth\Controller\Adminhtml\Tfa\Requestconfig\Interceptor->___callPlugins('dispatch', Array, Array)
#28 /app/vendor/magento/framework/App/FrontController.php(245): Magento\TwoFactorAuth\Controller\Adminhtml\Tfa\Requestconfig\Interceptor->dispatch(Object(Magento\Framework\App\Request\Http))
#29 /app/vendor/magento/framework/App/FrontController.php(212): Magento\Framework\App\FrontController->getActionResponse(Object(Magento\TwoFactorAuth\Controller\Adminhtml\Tfa\Requestconfig\Interceptor), Object(Magento\Framework\App\Request\Http))
#30 /app/vendor/magento/framework/App/FrontController.php(146): Magento\Framework\App\FrontController->processRequest(Object(Magento\Framework\App\Request\Http), Object(Magento\TwoFactorAuth\Controller\Adminhtml\Tfa\Requestconfig\Interceptor))
#31 /app/vendor/magento/framework/Interception/Interceptor.php(58): Magento\Framework\App\FrontController->dispatch(Object(Magento\Framework\App\Request\Http))
#32 /app/vendor/magento/framework/Interception/Interceptor.php(138): Magento\Framework\App\FrontController\Interceptor->___callParent('dispatch', Array)
#33 /app/vendor/magento/framework/Interception/Interceptor.php(153): Magento\Framework\App\FrontController\Interceptor->{closure:Magento\Framework\Interception\Interceptor::___callPlugins():104}(Object(Magento\Framework\App\Request\Http))
#34 /app/generated/code/Magento/Framework/App/FrontController/Interceptor.php(23): Magento\Framework\App\FrontController\Interceptor->___callPlugins('dispatch', Array, Array)
#35 /app/vendor/magento/framework/App/Http.php(116): Magento\Framework\App\FrontController\Interceptor->dispatch(Object(Magento\Framework\App\Request\Http))
#36 /app/vendor/magento/framework/Interception/Interceptor.php(58): Magento\Framework\App\Http->launch()
#37 /app/vendor/magento/framework/Interception/Interceptor.php(138): Magento\Framework\App\Http\Interceptor->___callParent('launch', Array)
#38 /app/vendor/magento/module-application-performance-monitor/Plugin/ApplicationPerformanceMonitor.php(38): Magento\Framework\App\Http\Interceptor->{closure:Magento\Framework\Interception\Interceptor::___callPlugins():104}()
#39 /app/vendor/magento/framework/Interception/Interceptor.php(135): Magento\ApplicationPerformanceMonitor\Plugin\ApplicationPerformanceMonitor->aroundLaunch(Object(Magento\Framework\App\Http\Interceptor), Object(Closure))
#40 /app/vendor/magento/framework/Interception/Interceptor.php(153): Magento\Framework\App\Http\Interceptor->{closure:Magento\Framework\Interception\Interceptor::___callPlugins():104}()
#41 /app/generated/code/Magento/Framework/App/Http/Interceptor.php(23): Magento\Framework\App\Http\Interceptor->___callPlugins('launch', Array, NULL)
#42 /app/vendor/magento/framework/App/Bootstrap.php(264): Magento\Framework\App\Http\Interceptor->launch()
#43 /app/pub/index.php(30): Magento\Framework\App\Bootstrap->run(Object(Magento\Framework\App\Http\Interceptor))
#44 {main}

Next Magento\Framework\Exception\MailException: Unable to send mail. Please try again later. in /app/vendor/magento/module-email/Model/Transport.php:247
Stack trace:
#0 /app/vendor/magento/framework/Interception/Interceptor.php(58): Magento\Email\Model\Transport->sendMessage()
#1 /app/vendor/magento/framework/Interception/Interceptor.php(138): Magento\Email\Model\Transport\Interceptor->___callParent('sendMessage', Array)
#2 /app/vendor/magento/module-email/Model/Mail/TransportInterfacePlugin.php(48): Magento\Email\Model\Transport\Interceptor->{closure:Magento\Framework\Interception\Interceptor::___callPlugins():104}()
#3 /app/vendor/magento/framework/Interception/Interceptor.php(135): Magento\Email\Model\Mail\TransportInterfacePlugin->aroundSendMessage(Object(Magento\Email\Model\Transport\Interceptor), Object(Closure))
#4 /app/vendor/magento/framework/Interception/Interceptor.php(153): Magento\Email\Model\Transport\Interceptor->{closure:Magento\Framework\Interception\Interceptor::___callPlugins():104}()
#5 /app/generated/code/Magento/Email/Model/Transport/Interceptor.php(32): Magento\Email\Model\Transport\Interceptor->___callPlugins('sendMessage', Array, NULL)
#6 /app/vendor/magento/module-two-factor-auth/Model/EmailUserNotifier.php(106): Magento\Email\Model\Transport\Interceptor->sendMessage()
#7 /app/vendor/magento/module-two-factor-auth/Model/EmailUserNotifier.php(131): Magento\TwoFactorAuth\Model\EmailUserNotifier->sendConfigRequired(Object(Magento\AdminAdobeIms\Model\User\Interceptor), 'eyJ1c2VyX2lkIjo...', 'tfa_admin_app_c...', 'https://magento...')
#8 /app/vendor/magento/module-two-factor-auth/Model/UserConfig/UserConfigRequestManager.php(82): Magento\TwoFactorAuth\Model\EmailUserNotifier->sendAppConfigRequestMessage(Object(Magento\AdminAdobeIms\Model\User\Interceptor), 'eyJ1c2VyX2lkIjo...')
#9 /app/vendor/magento/module-two-factor-auth/Controller/Adminhtml/Tfa/Requestconfig.php(95): Magento\TwoFactorAuth\Model\UserConfig\UserConfigRequestManager->sendConfigRequestTo(Object(Magento\AdminAdobeIms\Model\User\Interceptor))
#10 /app/vendor/magento/framework/Interception/Interceptor.php(58): Magento\TwoFactorAuth\Controller\Adminhtml\Tfa\Requestconfig->execute()
#11 /app/vendor/magento/framework/Interception/Interceptor.php(138): Magento\TwoFactorAuth\Controller\Adminhtml\Tfa\Requestconfig\Interceptor->___callParent('execute', Array)
#12 /app/vendor/magento/framework/Interception/Interceptor.php(153): Magento\TwoFactorAuth\Controller\Adminhtml\Tfa\Requestconfig\Interceptor->{closure:Magento\Framework\Interception\Interceptor::___callPlugins():104}()
#13 /app/generated/code/Magento/TwoFactorAuth/Controller/Adminhtml/Tfa/Requestconfig/Interceptor.php(23): Magento\TwoFactorAuth\Controller\Adminhtml\Tfa\Requestconfig\Interceptor->___callPlugins('execute', Array, Array)
#14 /app/vendor/magento/framework/App/Action/Action.php(111): Magento\TwoFactorAuth\Controller\Adminhtml\Tfa\Requestconfig\Interceptor->execute()
#15 /app/vendor/magento/module-backend/App/AbstractAction.php(151): Magento\Framework\App\Action\Action->dispatch(Object(Magento\Framework\App\Request\Http))
#16 /app/vendor/magento/module-two-factor-auth/Controller/Adminhtml/AbstractAction.php(31): Magento\Backend\App\AbstractAction->dispatch(Object(Magento\Framework\App\Request\Http))
#17 /app/vendor/magento/framework/Interception/Interceptor.php(58): Magento\TwoFactorAuth\Controller\Adminhtml\AbstractAction->dispatch(Object(Magento\Framework\App\Request\Http))
#18 /app/vendor/magento/framework/Interception/Interceptor.php(138): Magento\TwoFactorAuth\Controller\Adminhtml\Tfa\Requestconfig\Interceptor->___callParent('dispatch', Array)
#19 /app/vendor/magento/module-backend/App/Action/Plugin/Authentication.php(145): Magento\TwoFactorAuth\Controller\Adminhtml\Tfa\Requestconfig\Interceptor->{closure:Magento\Framework\Interception\Interceptor::___callPlugins():104}(Object(Magento\Framework\App\Request\Http))
#20 /app/vendor/magento/framework/Interception/Interceptor.php(135): Magento\Backend\App\Action\Plugin\Authentication->aroundDispatch(Object(Magento\TwoFactorAuth\Controller\Adminhtml\Tfa\Requestconfig\Interceptor), Object(Closure), Object(Magento\Framework\App\Request\Http))
#21 /app/vendor/magento/framework/Interception/Interceptor.php(153): Magento\TwoFactorAuth\Controller\Adminhtml\Tfa\Requestconfig\Interceptor->{closure:Magento\Framework\Interception\Interceptor::___callPlugins():104}(Object(Magento\Framework\App\Request\Http))
#22 /app/generated/code/Magento/TwoFactorAuth/Controller/Adminhtml/Tfa/Requestconfig/Interceptor.php(32): Magento\TwoFactorAuth\Controller\Adminhtml\Tfa\Requestconfig\Interceptor->___callPlugins('dispatch', Array, Array)
#23 /app/vendor/magento/framework/App/FrontController.php(245): Magento\TwoFactorAuth\Controller\Adminhtml\Tfa\Requestconfig\Interceptor->dispatch(Object(Magento\Framework\App\Request\Http))
#24 /app/vendor/magento/framework/App/FrontController.php(212): Magento\Framework\App\FrontController->getActionResponse(Object(Magento\TwoFactorAuth\Controller\Adminhtml\Tfa\Requestconfig\Interceptor), Object(Magento\Framework\App\Request\Http))
#25 /app/vendor/magento/framework/App/FrontController.php(146): Magento\Framework\App\FrontController->processRequest(Object(Magento\Framework\App\Request\Http), Object(Magento\TwoFactorAuth\Controller\Adminhtml\Tfa\Requestconfig\Interceptor))
#26 /app/vendor/magento/framework/Interception/Interceptor.php(58): Magento\Framework\App\FrontController->dispatch(Object(Magento\Framework\App\Request\Http))
#27 /app/vendor/magento/framework/Interception/Interceptor.php(138): Magento\Framework\App\FrontController\Interceptor->___callParent('dispatch', Array)
#28 /app/vendor/magento/framework/Interception/Interceptor.php(153): Magento\Framework\App\FrontController\Interceptor->{closure:Magento\Framework\Interception\Interceptor::___callPlugins():104}(Object(Magento\Framework\App\Request\Http))
#29 /app/generated/code/Magento/Framework/App/FrontController/Interceptor.php(23): Magento\Framework\App\FrontController\Interceptor->___callPlugins('dispatch', Array, Array)
#30 /app/vendor/magento/framework/App/Http.php(116): Magento\Framework\App\FrontController\Interceptor->dispatch(Object(Magento\Framework\App\Request\Http))
#31 /app/vendor/magento/framework/Interception/Interceptor.php(58): Magento\Framework\App\Http->launch()
#32 /app/vendor/magento/framework/Interception/Interceptor.php(138): Magento\Framework\App\Http\Interceptor->___callParent('launch', Array)
#33 /app/vendor/magento/module-application-performance-monitor/Plugin/ApplicationPerformanceMonitor.php(38): Magento\Framework\App\Http\Interceptor->{closure:Magento\Framework\Interception\Interceptor::___callPlugins():104}()
#34 /app/vendor/magento/framework/Interception/Interceptor.php(135): Magento\ApplicationPerformanceMonitor\Plugin\ApplicationPerformanceMonitor->aroundLaunch(Object(Magento\Framework\App\Http\Interceptor), Object(Closure))
#35 /app/vendor/magento/framework/Interception/Interceptor.php(153): Magento\Framework\App\Http\Interceptor->{closure:Magento\Framework\Interception\Interceptor::___callPlugins():104}()
#36 /app/generated/code/Magento/Framework/App/Http/Interceptor.php(23): Magento\Framework\App\Http\Interceptor->___callPlugins('launch', Array, NULL)
#37 /app/vendor/magento/framework/App/Bootstrap.php(264): Magento\Framework\App\Http\Interceptor->launch()
#38 /app/pub/index.php(30): Magento\Framework\App\Bootstrap->run(Object(Magento\Framework\App\Http\Interceptor))
#39 {main} {"exception":"[object] (Magento\\Framework\\Exception\\MailException(code: 0): Unable to send mail. Please try again later. at /app/vendor/magento/module-email/Model/Transport.php:247)
[previous exception] [object] (InvalidArgumentException(code: 0): Unsupported sendmail command flags \"/usr/local/bin/mhsendmail --smtp-addr=mailhog:1025\"; must be one of \"-bs\" or \"-t\" but can include additional flags. at /app/vendor/symfony/mailer/Transport/SendmailTransport.php:58)"} []
[2026-05-15T00:59:18.237265+00:00] main.ERROR: InvalidArgumentException: Unsupported sendmail command flags "/usr/local/bin/mhsendmail --smtp-addr=mailhog:1025"; must be one of "-bs" or "-t" but can include additional flags. in /app/vendor/symfony/mailer/Transport/SendmailTransport.php:58
Stack trace:
#0 /app/vendor/symfony/mailer/Transport/NativeTransportFactory.php(33): Symfony\Component\Mailer\Transport\SendmailTransport->__construct('/usr/local/bin/...', NULL, NULL)
#1 /app/vendor/magento/module-email/Model/Transport.php(226): Symfony\Component\Mailer\Transport\NativeTransportFactory->create(Object(Symfony\Component\Mailer\Transport\Dsn))
#2 /app/vendor/magento/module-email/Model/Transport.php(159): Magento\Email\Model\Transport->createSendmailTransport()
#3 /app/generated/code/Magento/Email/Model/Transport/Interceptor.php(23): Magento\Email\Model\Transport->getTransport()
#4 /app/vendor/magento/module-email/Model/Transport.php(237): Magento\Email\Model\Transport\Interceptor->getTransport()
#5 /app/vendor/magento/framework/Interception/Interceptor.php(58): Magento\Email\Model\Transport->sendMessage()
#6 /app/vendor/magento/framework/Interception/Interceptor.php(138): Magento\Email\Model\Transport\Interceptor->___callParent('sendMessage', Array)
#7 /app/vendor/magento/module-email/Model/Mail/TransportInterfacePlugin.php(48): Magento\Email\Model\Transport\Interceptor->{closure:Magento\Framework\Interception\Interceptor::___callPlugins():104}()
#8 /app/vendor/magento/framework/Interception/Interceptor.php(135): Magento\Email\Model\Mail\TransportInterfacePlugin->aroundSendMessage(Object(Magento\Email\Model\Transport\Interceptor), Object(Closure))
#9 /app/vendor/magento/framework/Interception/Interceptor.php(153): Magento\Email\Model\Transport\Interceptor->{closure:Magento\Framework\Interception\Interceptor::___callPlugins():104}()
#10 /app/generated/code/Magento/Email/Model/Transport/Interceptor.php(32): Magento\Email\Model\Transport\Interceptor->___callPlugins('sendMessage', Array, NULL)
#11 /app/vendor/magento/module-two-factor-auth/Model/EmailUserNotifier.php(106): Magento\Email\Model\Transport\Interceptor->sendMessage()
#12 /app/vendor/magento/module-two-factor-auth/Model/EmailUserNotifier.php(131): Magento\TwoFactorAuth\Model\EmailUserNotifier->sendConfigRequired(Object(Magento\AdminAdobeIms\Model\User\Interceptor), 'eyJ1c2VyX2lkIjo...', 'tfa_admin_app_c...', 'https://magento...')
#13 /app/vendor/magento/module-two-factor-auth/Model/UserConfig/UserConfigRequestManager.php(82): Magento\TwoFactorAuth\Model\EmailUserNotifier->sendAppConfigRequestMessage(Object(Magento\AdminAdobeIms\Model\User\Interceptor), 'eyJ1c2VyX2lkIjo...')
#14 /app/vendor/magento/module-two-factor-auth/Controller/Adminhtml/Tfa/Requestconfig.php(95): Magento\TwoFactorAuth\Model\UserConfig\UserConfigRequestManager->sendConfigRequestTo(Object(Magento\AdminAdobeIms\Model\User\Interceptor))
#15 /app/vendor/magento/framework/Interception/Interceptor.php(58): Magento\TwoFactorAuth\Controller\Adminhtml\Tfa\Requestconfig->execute()
#16 /app/vendor/magento/framework/Interception/Interceptor.php(138): Magento\TwoFactorAuth\Controller\Adminhtml\Tfa\Requestconfig\Interceptor->___callParent('execute', Array)
#17 /app/vendor/magento/framework/Interception/Interceptor.php(153): Magento\TwoFactorAuth\Controller\Adminhtml\Tfa\Requestconfig\Interceptor->{closure:Magento\Framework\Interception\Interceptor::___callPlugins():104}()
#18 /app/generated/code/Magento/TwoFactorAuth/Controller/Adminhtml/Tfa/Requestconfig/Interceptor.php(23): Magento\TwoFactorAuth\Controller\Adminhtml\Tfa\Requestconfig\Interceptor->___callPlugins('execute', Array, Array)
#19 /app/vendor/magento/framework/App/Action/Action.php(111): Magento\TwoFactorAuth\Controller\Adminhtml\Tfa\Requestconfig\Interceptor->execute()
#20 /app/vendor/magento/module-backend/App/AbstractAction.php(151): Magento\Framework\App\Action\Action->dispatch(Object(Magento\Framework\App\Request\Http))
#21 /app/vendor/magento/module-two-factor-auth/Controller/Adminhtml/AbstractAction.php(31): Magento\Backend\App\AbstractAction->dispatch(Object(Magento\Framework\App\Request\Http))
#22 /app/vendor/magento/framework/Interception/Interceptor.php(58): Magento\TwoFactorAuth\Controller\Adminhtml\AbstractAction->dispatch(Object(Magento\Framework\App\Request\Http))
#23 /app/vendor/magento/framework/Interception/Interceptor.php(138): Magento\TwoFactorAuth\Controller\Adminhtml\Tfa\Requestconfig\Interceptor->___callParent('dispatch', Array)
#24 /app/vendor/magento/module-backend/App/Action/Plugin/Authentication.php(145): Magento\TwoFactorAuth\Controller\Adminhtml\Tfa\Requestconfig\Interceptor->{closure:Magento\Framework\Interception\Interceptor::___callPlugins():104}(Object(Magento\Framework\App\Request\Http))
#25 /app/vendor/magento/framework/Interception/Interceptor.php(135): Magento\Backend\App\Action\Plugin\Authentication->aroundDispatch(Object(Magento\TwoFactorAuth\Controller\Adminhtml\Tfa\Requestconfig\Interceptor), Object(Closure), Object(Magento\Framework\App\Request\Http))
#26 /app/vendor/magento/framework/Interception/Interceptor.php(153): Magento\TwoFactorAuth\Controller\Adminhtml\Tfa\Requestconfig\Interceptor->{closure:Magento\Framework\Interception\Interceptor::___callPlugins():104}(Object(Magento\Framework\App\Request\Http))
#27 /app/generated/code/Magento/TwoFactorAuth/Controller/Adminhtml/Tfa/Requestconfig/Interceptor.php(32): Magento\TwoFactorAuth\Controller\Adminhtml\Tfa\Requestconfig\Interceptor->___callPlugins('dispatch', Array, Array)
#28 /app/vendor/magento/framework/App/FrontController.php(245): Magento\TwoFactorAuth\Controller\Adminhtml\Tfa\Requestconfig\Interceptor->dispatch(Object(Magento\Framework\App\Request\Http))
#29 /app/vendor/magento/framework/App/FrontController.php(212): Magento\Framework\App\FrontController->getActionResponse(Object(Magento\TwoFactorAuth\Controller\Adminhtml\Tfa\Requestconfig\Interceptor), Object(Magento\Framework\App\Request\Http))
#30 /app/vendor/magento/framework/App/FrontController.php(146): Magento\Framework\App\FrontController->processRequest(Object(Magento\Framework\App\Request\Http), Object(Magento\TwoFactorAuth\Controller\Adminhtml\Tfa\Requestconfig\Interceptor))
#31 /app/vendor/magento/framework/Interception/Interceptor.php(58): Magento\Framework\App\FrontController->dispatch(Object(Magento\Framework\App\Request\Http))
#32 /app/vendor/magento/framework/Interception/Interceptor.php(138): Magento\Framework\App\FrontController\Interceptor->___callParent('dispatch', Array)
#33 /app/vendor/magento/framework/Interception/Interceptor.php(153): Magento\Framework\App\FrontController\Interceptor->{closure:Magento\Framework\Interception\Interceptor::___callPlugins():104}(Object(Magento\Framework\App\Request\Http))
#34 /app/generated/code/Magento/Framework/App/FrontController/Interceptor.php(23): Magento\Framework\App\FrontController\Interceptor->___callPlugins('dispatch', Array, Array)
#35 /app/vendor/magento/framework/App/Http.php(116): Magento\Framework\App\FrontController\Interceptor->dispatch(Object(Magento\Framework\App\Request\Http))
#36 /app/vendor/magento/framework/Interception/Interceptor.php(58): Magento\Framework\App\Http->launch()
#37 /app/vendor/magento/framework/Interception/Interceptor.php(138): Magento\Framework\App\Http\Interceptor->___callParent('launch', Array)
#38 /app/vendor/magento/module-application-performance-monitor/Plugin/ApplicationPerformanceMonitor.php(38): Magento\Framework\App\Http\Interceptor->{closure:Magento\Framework\Interception\Interceptor::___callPlugins():104}()
#39 /app/vendor/magento/framework/Interception/Interceptor.php(135): Magento\ApplicationPerformanceMonitor\Plugin\ApplicationPerformanceMonitor->aroundLaunch(Object(Magento\Framework\App\Http\Interceptor), Object(Closure))
#40 /app/vendor/magento/framework/Interception/Interceptor.php(153): Magento\Framework\App\Http\Interceptor->{closure:Magento\Framework\Interception\Interceptor::___callPlugins():104}()
#41 /app/generated/code/Magento/Framework/App/Http/Interceptor.php(23): Magento\Framework\App\Http\Interceptor->___callPlugins('launch', Array, NULL)
#42 /app/vendor/magento/framework/App/Bootstrap.php(264): Magento\Framework\App\Http\Interceptor->launch()
#43 /app/pub/index.php(30): Magento\Framework\App\Bootstrap->run(Object(Magento\Framework\App\Http\Interceptor))
#44 {main} {"exception":"[object] (InvalidArgumentException(code: 0): Unsupported sendmail command flags \"/usr/local/bin/mhsendmail --smtp-addr=mailhog:1025\"; must be one of \"-bs\" or \"-t\" but can include additional flags. at /app/vendor/symfony/mailer/Transport/SendmailTransport.php:58)"} []
[2026-05-15T00:59:18.238031+00:00] main.CRITICAL: InvalidArgumentException: Unsupported sendmail command flags "/usr/local/bin/mhsendmail --smtp-addr=mailhog:1025"; must be one of "-bs" or "-t" but can include additional flags. in /app/vendor/symfony/mailer/Transport/SendmailTransport.php:58
Stack trace:
#0 /app/vendor/symfony/mailer/Transport/NativeTransportFactory.php(33): Symfony\Component\Mailer\Transport\SendmailTransport->__construct('/usr/local/bin/...', NULL, NULL)
#1 /app/vendor/magento/module-email/Model/Transport.php(226): Symfony\Component\Mailer\Transport\NativeTransportFactory->create(Object(Symfony\Component\Mailer\Transport\Dsn))
#2 /app/vendor/magento/module-email/Model/Transport.php(159): Magento\Email\Model\Transport->createSendmailTransport()
#3 /app/generated/code/Magento/Email/Model/Transport/Interceptor.php(23): Magento\Email\Model\Transport->getTransport()
#4 /app/vendor/magento/module-email/Model/Transport.php(237): Magento\Email\Model\Transport\Interceptor->getTransport()
#5 /app/vendor/magento/framework/Interception/Interceptor.php(58): Magento\Email\Model\Transport->sendMessage()
#6 /app/vendor/magento/framework/Interception/Interceptor.php(138): Magento\Email\Model\Transport\Interceptor->___callParent('sendMessage', Array)
#7 /app/vendor/magento/module-email/Model/Mail/TransportInterfacePlugin.php(48): Magento\Email\Model\Transport\Interceptor->{closure:Magento\Framework\Interception\Interceptor::___callPlugins():104}()
#8 /app/vendor/magento/framework/Interception/Interceptor.php(135): Magento\Email\Model\Mail\TransportInterfacePlugin->aroundSendMessage(Object(Magento\Email\Model\Transport\Interceptor), Object(Closure))
#9 /app/vendor/magento/framework/Interception/Interceptor.php(153): Magento\Email\Model\Transport\Interceptor->{closure:Magento\Framework\Interception\Interceptor::___callPlugins():104}()
#10 /app/generated/code/Magento/Email/Model/Transport/Interceptor.php(32): Magento\Email\Model\Transport\Interceptor->___callPlugins('sendMessage', Array, NULL)
#11 /app/vendor/magento/module-two-factor-auth/Model/EmailUserNotifier.php(106): Magento\Email\Model\Transport\Interceptor->sendMessage()
#12 /app/vendor/magento/module-two-factor-auth/Model/EmailUserNotifier.php(131): Magento\TwoFactorAuth\Model\EmailUserNotifier->sendConfigRequired(Object(Magento\AdminAdobeIms\Model\User\Interceptor), 'eyJ1c2VyX2lkIjo...', 'tfa_admin_app_c...', 'https://magento...')
#13 /app/vendor/magento/module-two-factor-auth/Model/UserConfig/UserConfigRequestManager.php(82): Magento\TwoFactorAuth\Model\EmailUserNotifier->sendAppConfigRequestMessage(Object(Magento\AdminAdobeIms\Model\User\Interceptor), 'eyJ1c2VyX2lkIjo...')
#14 /app/vendor/magento/module-two-factor-auth/Controller/Adminhtml/Tfa/Requestconfig.php(95): Magento\TwoFactorAuth\Model\UserConfig\UserConfigRequestManager->sendConfigRequestTo(Object(Magento\AdminAdobeIms\Model\User\Interceptor))
#15 /app/vendor/magento/framework/Interception/Interceptor.php(58): Magento\TwoFactorAuth\Controller\Adminhtml\Tfa\Requestconfig->execute()
#16 /app/vendor/magento/framework/Interception/Interceptor.php(138): Magento\TwoFactorAuth\Controller\Adminhtml\Tfa\Requestconfig\Interceptor->___callParent('execute', Array)
#17 /app/vendor/magento/framework/Interception/Interceptor.php(153): Magento\TwoFactorAuth\Controller\Adminhtml\Tfa\Requestconfig\Interceptor->{closure:Magento\Framework\Interception\Interceptor::___callPlugins():104}()
#18 /app/generated/code/Magento/TwoFactorAuth/Controller/Adminhtml/Tfa/Requestconfig/Interceptor.php(23): Magento\TwoFactorAuth\Controller\Adminhtml\Tfa\Requestconfig\Interceptor->___callPlugins('execute', Array, Array)
#19 /app/vendor/magento/framework/App/Action/Action.php(111): Magento\TwoFactorAuth\Controller\Adminhtml\Tfa\Requestconfig\Interceptor->execute()
#20 /app/vendor/magento/module-backend/App/AbstractAction.php(151): Magento\Framework\App\Action\Action->dispatch(Object(Magento\Framework\App\Request\Http))
#21 /app/vendor/magento/module-two-factor-auth/Controller/Adminhtml/AbstractAction.php(31): Magento\Backend\App\AbstractAction->dispatch(Object(Magento\Framework\App\Request\Http))
#22 /app/vendor/magento/framework/Interception/Interceptor.php(58): Magento\TwoFactorAuth\Controller\Adminhtml\AbstractAction->dispatch(Object(Magento\Framework\App\Request\Http))
#23 /app/vendor/magento/framework/Interception/Interceptor.php(138): Magento\TwoFactorAuth\Controller\Adminhtml\Tfa\Requestconfig\Interceptor->___callParent('dispatch', Array)
#24 /app/vendor/magento/module-backend/App/Action/Plugin/Authentication.php(145): Magento\TwoFactorAuth\Controller\Adminhtml\Tfa\Requestconfig\Interceptor->{closure:Magento\Framework\Interception\Interceptor::___callPlugins():104}(Object(Magento\Framework\App\Request\Http))
#25 /app/vendor/magento/framework/Interception/Interceptor.php(135): Magento\Backend\App\Action\Plugin\Authentication->aroundDispatch(Object(Magento\TwoFactorAuth\Controller\Adminhtml\Tfa\Requestconfig\Interceptor), Object(Closure), Object(Magento\Framework\App\Request\Http))
#26 /app/vendor/magento/framework/Interception/Interceptor.php(153): Magento\TwoFactorAuth\Controller\Adminhtml\Tfa\Requestconfig\Interceptor->{closure:Magento\Framework\Interception\Interceptor::___callPlugins():104}(Object(Magento\Framework\App\Request\Http))
#27 /app/generated/code/Magento/TwoFactorAuth/Controller/Adminhtml/Tfa/Requestconfig/Interceptor.php(32): Magento\TwoFactorAuth\Controller\Adminhtml\Tfa\Requestconfig\Interceptor->___callPlugins('dispatch', Array, Array)
#28 /app/vendor/magento/framework/App/FrontController.php(245): Magento\TwoFactorAuth\Controller\Adminhtml\Tfa\Requestconfig\Interceptor->dispatch(Object(Magento\Framework\App\Request\Http))
#29 /app/vendor/magento/framework/App/FrontController.php(212): Magento\Framework\App\FrontController->getActionResponse(Object(Magento\TwoFactorAuth\Controller\Adminhtml\Tfa\Requestconfig\Interceptor), Object(Magento\Framework\App\Request\Http))
#30 /app/vendor/magento/framework/App/FrontController.php(146): Magento\Framework\App\FrontController->processRequest(Object(Magento\Framework\App\Request\Http), Object(Magento\TwoFactorAuth\Controller\Adminhtml\Tfa\Requestconfig\Interceptor))
#31 /app/vendor/magento/framework/Interception/Interceptor.php(58): Magento\Framework\App\FrontController->dispatch(Object(Magento\Framework\App\Request\Http))
#32 /app/vendor/magento/framework/Interception/Interceptor.php(138): Magento\Framework\App\FrontController\Interceptor->___callParent('dispatch', Array)
#33 /app/vendor/magento/framework/Interception/Interceptor.php(153): Magento\Framework\App\FrontController\Interceptor->{closure:Magento\Framework\Interception\Interceptor::___callPlugins():104}(Object(Magento\Framework\App\Request\Http))
#34 /app/generated/code/Magento/Framework/App/FrontController/Interceptor.php(23): Magento\Framework\App\FrontController\Interceptor->___callPlugins('dispatch', Array, Array)
#35 /app/vendor/magento/framework/App/Http.php(116): Magento\Framework\App\FrontController\Interceptor->dispatch(Object(Magento\Framework\App\Request\Http))
#36 /app/vendor/magento/framework/Interception/Interceptor.php(58): Magento\Framework\App\Http->launch()
#37 /app/vendor/magento/framework/Interception/Interceptor.php(138): Magento\Framework\App\Http\Interceptor->___callParent('launch', Array)
#38 /app/vendor/magento/module-application-performance-monitor/Plugin/ApplicationPerformanceMonitor.php(38): Magento\Framework\App\Http\Interceptor->{closure:Magento\Framework\Interception\Interceptor::___callPlugins():104}()
#39 /app/vendor/magento/framework/Interception/Interceptor.php(135): Magento\ApplicationPerformanceMonitor\Plugin\ApplicationPerformanceMonitor->aroundLaunch(Object(Magento\Framework\App\Http\Interceptor), Object(Closure))
#40 /app/vendor/magento/framework/Interception/Interceptor.php(153): Magento\Framework\App\Http\Interceptor->{closure:Magento\Framework\Interception\Interceptor::___callPlugins():104}()
#41 /app/generated/code/Magento/Framework/App/Http/Interceptor.php(23): Magento\Framework\App\Http\Interceptor->___callPlugins('launch', Array, NULL)
#42 /app/vendor/magento/framework/App/Bootstrap.php(264): Magento\Framework\App\Http\Interceptor->launch()
#43 /app/pub/index.php(30): Magento\Framework\App\Bootstrap->run(Object(Magento\Framework\App\Http\Interceptor))
#44 {main}

Next Magento\Framework\Exception\MailException: Unable to send mail. Please try again later. in /app/vendor/magento/module-email/Model/Transport.php:247
Stack trace:
#0 /app/vendor/magento/framework/Interception/Interceptor.php(58): Magento\Email\Model\Transport->sendMessage()
#1 /app/vendor/magento/framework/Interception/Interceptor.php(138): Magento\Email\Model\Transport\Interceptor->___callParent('sendMessage', Array)
#2 /app/vendor/magento/module-email/Model/Mail/TransportInterfacePlugin.php(48): Magento\Email\Model\Transport\Interceptor->{closure:Magento\Framework\Interception\Interceptor::___callPlugins():104}()
#3 /app/vendor/magento/framework/Interception/Interceptor.php(135): Magento\Email\Model\Mail\TransportInterfacePlugin->aroundSendMessage(Object(Magento\Email\Model\Transport\Interceptor), Object(Closure))
#4 /app/vendor/magento/framework/Interception/Interceptor.php(153): Magento\Email\Model\Transport\Interceptor->{closure:Magento\Framework\Interception\Interceptor::___callPlugins():104}()
#5 /app/generated/code/Magento/Email/Model/Transport/Interceptor.php(32): Magento\Email\Model\Transport\Interceptor->___callPlugins('sendMessage', Array, NULL)
#6 /app/vendor/magento/module-two-factor-auth/Model/EmailUserNotifier.php(106): Magento\Email\Model\Transport\Interceptor->sendMessage()
#7 /app/vendor/magento/module-two-factor-auth/Model/EmailUserNotifier.php(131): Magento\TwoFactorAuth\Model\EmailUserNotifier->sendConfigRequired(Object(Magento\AdminAdobeIms\Model\User\Interceptor), 'eyJ1c2VyX2lkIjo...', 'tfa_admin_app_c...', 'https://magento...')
#8 /app/vendor/magento/module-two-factor-auth/Model/UserConfig/UserConfigRequestManager.php(82): Magento\TwoFactorAuth\Model\EmailUserNotifier->sendAppConfigRequestMessage(Object(Magento\AdminAdobeIms\Model\User\Interceptor), 'eyJ1c2VyX2lkIjo...')
#9 /app/vendor/magento/module-two-factor-auth/Controller/Adminhtml/Tfa/Requestconfig.php(95): Magento\TwoFactorAuth\Model\UserConfig\UserConfigRequestManager->sendConfigRequestTo(Object(Magento\AdminAdobeIms\Model\User\Interceptor))
#10 /app/vendor/magento/framework/Interception/Interceptor.php(58): Magento\TwoFactorAuth\Controller\Adminhtml\Tfa\Requestconfig->execute()
#11 /app/vendor/magento/framework/Interception/Interceptor.php(138): Magento\TwoFactorAuth\Controller\Adminhtml\Tfa\Requestconfig\Interceptor->___callParent('execute', Array)
#12 /app/vendor/magento/framework/Interception/Interceptor.php(153): Magento\TwoFactorAuth\Controller\Adminhtml\Tfa\Requestconfig\Interceptor->{closure:Magento\Framework\Interception\Interceptor::___callPlugins():104}()
#13 /app/generated/code/Magento/TwoFactorAuth/Controller/Adminhtml/Tfa/Requestconfig/Interceptor.php(23): Magento\TwoFactorAuth\Controller\Adminhtml\Tfa\Requestconfig\Interceptor->___callPlugins('execute', Array, Array)
#14 /app/vendor/magento/framework/App/Action/Action.php(111): Magento\TwoFactorAuth\Controller\Adminhtml\Tfa\Requestconfig\Interceptor->execute()
#15 /app/vendor/magento/module-backend/App/AbstractAction.php(151): Magento\Framework\App\Action\Action->dispatch(Object(Magento\Framework\App\Request\Http))
#16 /app/vendor/magento/module-two-factor-auth/Controller/Adminhtml/AbstractAction.php(31): Magento\Backend\App\AbstractAction->dispatch(Object(Magento\Framework\App\Request\Http))
#17 /app/vendor/magento/framework/Interception/Interceptor.php(58): Magento\TwoFactorAuth\Controller\Adminhtml\AbstractAction->dispatch(Object(Magento\Framework\App\Request\Http))
#18 /app/vendor/magento/framework/Interception/Interceptor.php(138): Magento\TwoFactorAuth\Controller\Adminhtml\Tfa\Requestconfig\Interceptor->___callParent('dispatch', Array)
#19 /app/vendor/magento/module-backend/App/Action/Plugin/Authentication.php(145): Magento\TwoFactorAuth\Controller\Adminhtml\Tfa\Requestconfig\Interceptor->{closure:Magento\Framework\Interception\Interceptor::___callPlugins():104}(Object(Magento\Framework\App\Request\Http))
#20 /app/vendor/magento/framework/Interception/Interceptor.php(135): Magento\Backend\App\Action\Plugin\Authentication->aroundDispatch(Object(Magento\TwoFactorAuth\Controller\Adminhtml\Tfa\Requestconfig\Interceptor), Object(Closure), Object(Magento\Framework\App\Request\Http))
#21 /app/vendor/magento/framework/Interception/Interceptor.php(153): Magento\TwoFactorAuth\Controller\Adminhtml\Tfa\Requestconfig\Interceptor->{closure:Magento\Framework\Interception\Interceptor::___callPlugins():104}(Object(Magento\Framework\App\Request\Http))
#22 /app/generated/code/Magento/TwoFactorAuth/Controller/Adminhtml/Tfa/Requestconfig/Interceptor.php(32): Magento\TwoFactorAuth\Controller\Adminhtml\Tfa\Requestconfig\Interceptor->___callPlugins('dispatch', Array, Array)
#23 /app/vendor/magento/framework/App/FrontController.php(245): Magento\TwoFactorAuth\Controller\Adminhtml\Tfa\Requestconfig\Interceptor->dispatch(Object(Magento\Framework\App\Request\Http))
#24 /app/vendor/magento/framework/App/FrontController.php(212): Magento\Framework\App\FrontController->getActionResponse(Object(Magento\TwoFactorAuth\Controller\Adminhtml\Tfa\Requestconfig\Interceptor), Object(Magento\Framework\App\Request\Http))
#25 /app/vendor/magento/framework/App/FrontController.php(146): Magento\Framework\App\FrontController->processRequest(Object(Magento\Framework\App\Request\Http), Object(Magento\TwoFactorAuth\Controller\Adminhtml\Tfa\Requestconfig\Interceptor))
#26 /app/vendor/magento/framework/Interception/Interceptor.php(58): Magento\Framework\App\FrontController->dispatch(Object(Magento\Framework\App\Request\Http))
#27 /app/vendor/magento/framework/Interception/Interceptor.php(138): Magento\Framework\App\FrontController\Interceptor->___callParent('dispatch', Array)
#28 /app/vendor/magento/framework/Interception/Interceptor.php(153): Magento\Framework\App\FrontController\Interceptor->{closure:Magento\Framework\Interception\Interceptor::___callPlugins():104}(Object(Magento\Framework\App\Request\Http))
#29 /app/generated/code/Magento/Framework/App/FrontController/Interceptor.php(23): Magento\Framework\App\FrontController\Interceptor->___callPlugins('dispatch', Array, Array)
#30 /app/vendor/magento/framework/App/Http.php(116): Magento\Framework\App\FrontController\Interceptor->dispatch(Object(Magento\Framework\App\Request\Http))
#31 /app/vendor/magento/framework/Interception/Interceptor.php(58): Magento\Framework\App\Http->launch()
#32 /app/vendor/magento/framework/Interception/Interceptor.php(138): Magento\Framework\App\Http\Interceptor->___callParent('launch', Array)
#33 /app/vendor/magento/module-application-performance-monitor/Plugin/ApplicationPerformanceMonitor.php(38): Magento\Framework\App\Http\Interceptor->{closure:Magento\Framework\Interception\Interceptor::___callPlugins():104}()
#34 /app/vendor/magento/framework/Interception/Interceptor.php(135): Magento\ApplicationPerformanceMonitor\Plugin\ApplicationPerformanceMonitor->aroundLaunch(Object(Magento\Framework\App\Http\Interceptor), Object(Closure))
#35 /app/vendor/magento/framework/Interception/Interceptor.php(153): Magento\Framework\App\Http\Interceptor->{closure:Magento\Framework\Interception\Interceptor::___callPlugins():104}()
#36 /app/generated/code/Magento/Framework/App/Http/Interceptor.php(23): Magento\Framework\App\Http\Interceptor->___callPlugins('launch', Array, NULL)
#37 /app/vendor/magento/framework/App/Bootstrap.php(264): Magento\Framework\App\Http\Interceptor->launch()
#38 /app/pub/index.php(30): Magento\Framework\App\Bootstrap->run(Object(Magento\Framework\App\Http\Interceptor))
#39 {main} {"exception":"[object] (Magento\\Framework\\Exception\\MailException(code: 0): Unable to send mail. Please try again later. at /app/vendor/magento/module-email/Model/Transport.php:247)
[previous exception] [object] (InvalidArgumentException(code: 0): Unsupported sendmail command flags \"/usr/local/bin/mhsendmail --smtp-addr=mailhog:1025\"; must be one of \"-bs\" or \"-t\" but can include additional flags. at /app/vendor/symfony/mailer/Transport/SendmailTransport.php:58)"} []
